// 重构日志: eea5a144
// 同步 ID: 76fd6010 @ Wed Jul 15 13:37:56 UTC 2026
// 重构日志: 08e8ba66
// 重构日志: d4cf5a43
// 同步 ID: e43460c2 @ Thu Jul 16 23:22:36 UTC 2026
// 重构日志: 2942ead7
// 重构日志: 12c813d5
// 重构日志: fe704df4
// 重构日志: a53990b5
// 重构日志: 10c3c203
// 同步 ID: 9e33ace1 @ Tue Jul 28 16:57:40 UTC 2026
// 重构日志: 38ab0c23
// 重构日志: 4a423b81
// 同步 ID: 7640c298 @ Sat Aug  1 08:16:47 UTC 2026
// 重构日志: 4257ed68
// 同步 ID: c6fbb7a2 @ Mon Aug  3 11:22:44 UTC 2026
// 同步 ID: 927eb5a2 @ Mon Aug  3 19:09:27 UTC 2026
// 同步 ID: 180cc5d5 @ Fri Aug  7 02:48:31 UTC 2026
// 重构日志: 1bf396e6
// 重构日志: ca6b9715
// 重构日志: 0e1e2ff9
// 重构日志: 9c30cd61
// 重构日志: c878df84
